<table>
<tbody><tr><th><img src="/icons/blank.gif" alt="[ICO]" height="25"/></th><th><a href="">Name</a></th><th><a href="">Size</a></th></tr>
<tr><th colspan="3"><hr/></th></tr>
<tr><td valign="top"><a href="./../"><img src="/icons/back.gif" alt="[DIR]" height="25"/></a></td><td><a href="./../">Parent Directory</a></td><td align="right">  - </td></tr>
<tr><td valign="top"><a href="xnu-1228.0.2/"><img src="/static/images/icons/folder.png" alt="[DIR]" height="25"/></a></td><td><a href="xnu-1228.0.2/">xnu-1228.0.2/</a></td><td align="right">  - </td></tr>
<tr><td valign="top"><a href="xnu-1228.12.14/"><img src="/static/images/icons/folder.png" alt="[DIR]" height="25"/></a></td><td><a href="xnu-1228.12.14/">xnu-1228.12.14/</a></td><td align="right">  - </td></tr>
<tr><td valign="top"><a href="xnu-1228.15.4/"><img src="/static/images/icons/folder.png" alt="[DIR]" height="25"/></a></td><td><a href="xnu-1228.15.4/">xnu-1228.15.4/</a></td><td align="right">  - </td></tr>
<tr><td valign="top"><a href="xnu-1228.3.13/"><img src="/static/images/icons/folder.png" alt="[DIR]" height="25"/></a></td><td><a href="xnu-1228.3.13/">xnu-1228.3.13/</a></td><td align="right">  - </td></tr>
<tr><td valign="top"><a href="xnu-1228.5.18/"><img src="/static/images/icons/folder.png" alt="[DIR]" height="25"/></a></td><td><a href="xnu-1228.5.18/">xnu-1228.5.18/</a></td><td align="right">  - </td></tr>
<tr><td valign="top"><a href="xnu-1228.5.20/"><img src="/static/images/icons/folder.png" alt="[DIR]" height="25"/></a></td><td><a href="xnu-1228.5.20/">xnu-1228.5.20/</a></td><td align="right">  - </td></tr>
<tr><td valign="top"><a href="xnu-1228.7.58/"><img src="/static/images/icons/folder.png" alt="[DIR]" height="25"/></a></td><td><a href="xnu-1228.7.58/">xnu-1228.7.58/</a></td><td align="right">  - </td></tr>
<tr><td valign="top"><a href="xnu-1228.9.59/"><img src="/static/images/icons/folder.png" alt="[DIR]" height="25"/></a></td><td><a href="xnu-1228.9.59/">xnu-1228.9.59/</a></td><td align="right">  - </td></tr>
<tr><td valign="top"><a href="xnu-1228/"><img src="/static/images/icons/folder.png" alt="[DIR]" height="25"/></a></td><td><a href="xnu-1228/">xnu-1228/</a></td><td align="right">  - </td></tr>
<tr><td valign="top"><a href="xnu-123.5/"><img src="/static/images/icons/folder.png" alt="[DIR]" height="25"/></a></td><td><a href="xnu-123.5/">xnu-123.5/</a></td><td align="right">  - </td></tr>
<tr><td valign="top"><a href="xnu-124.1/"><img src="/static/images/icons/folder.png" alt="[DIR]" height="25"/></a></td><td><a href="xnu-124.1/">xnu-124.1/</a></td><td align="right">  - </td></tr>
<tr><td valign="top"><a href="xnu-124.13/"><img src="/static/images/icons/folder.png" alt="[DIR]" height="25"/></a></td><td><a href="xnu-124.13/">xnu-124.13/</a></td><td align="right">  - </td></tr>
<tr><td valign="top"><a href="xnu-124.7/"><img src="/static/images/icons/folder.png" alt="[DIR]" height="25"/></a></td><td><a href="xnu-124.7/">xnu-124.7/</a></td><td align="right">  - </td></tr>
<tr><td valign="top"><a href="xnu-124.8/"><img src="/static/images/icons/folder.png" alt="[DIR]" height="25"/></a></td><td><a href="xnu-124.8/">xnu-124.8/</a></td><td align="right">  - </td></tr>
<tr><td valign="top"><a href="xnu-1456.1.26/"><img src="/static/images/icons/folder.png" alt="[DIR]" height="25"/></a></td><td><a href="xnu-1456.1.26/">xnu-1456.1.26/</a></td><td align="right">  - </td></tr>
<tr><td valign="top"><a href="xnu-1486.2.11/"><img src="/static/images/icons/folder.png" alt="[DIR]" height="25"/></a></td><td><a href="xnu-1486.2.11/">xnu-1486.2.11/</a></td><td align="right">  - </td></tr>
<tr><td valign="top"><a href="xnu-1504.15.3/"><img src="/static/images/icons/folder.png" alt="[DIR]" height="25"/></a></td><td><a href="xnu-1504.15.3/">xnu-1504.15.3/</a></td><td align="right">  - </td></tr>
<tr><td valign="top"><a href="xnu-1504.3.12/"><img src="/static/images/icons/folder.png" alt="[DIR]" height="25"/></a></td><td><a href="xnu-1504.3.12/">xnu-1504.3.12/</a></td><td align="right">  - </td></tr>
<tr><td valign="top"><a href="xnu-1504.7.4/"><img src="/static/images/icons/folder.png" alt="[DIR]" height="25"/></a></td><td><a href="xnu-1504.7.4/">xnu-1504.7.4/</a></td><td align="right">  - </td></tr>
<tr><td valign="top"><a href="xnu-1504.9.17/"><img src="/static/images/icons/folder.png" alt="[DIR]" height="25"/></a></td><td><a href="xnu-1504.9.17/">xnu-1504.9.17/</a></td><td align="right">  - </td></tr>
<tr><td valign="top"><a href="xnu-1504.9.26/"><img src="/static/images/icons/folder.png" alt="[DIR]" height="25"/></a></td><td><a href="xnu-1504.9.26/">xnu-1504.9.26/</a></td><td align="right">  - </td></tr>
<tr><td valign="top"><a href="xnu-1504.9.37/"><img src="/static/images/icons/folder.png" alt="[DIR]" height="25"/></a></td><td><a href="xnu-1504.9.37/">xnu-1504.9.37/</a></td><td align="right">  - </td></tr>
<tr><td valign="top"><a href="xnu-1699.22.73/"><img src="/static/images/icons/folder.png" alt="[DIR]" height="25"/></a></td><td><a href="xnu-1699.22.73/">xnu-1699.22.73/</a></td><td align="right">  - </td></tr>
<tr><td valign="top"><a href="xnu-1699.22.81/"><img src="/static/images/icons/folder.png" alt="[DIR]" height="25"/></a></td><td><a href="xnu-1699.22.81/">xnu-1699.22.81/</a></td><td align="right">  - </td></tr>
<tr><td valign="top"><a href="xnu-1699.24.23/"><img src="/static/images/icons/folder.png" alt="[DIR]" height="25"/></a></td><td><a href="xnu-1699.24.23/">xnu-1699.24.23/</a></td><td align="right">  - </td></tr>
<tr><td valign="top"><a href="xnu-1699.24.8/"><img src="/static/images/icons/folder.png" alt="[DIR]" height="25"/></a></td><td><a href="xnu-1699.24.8/">xnu-1699.24.8/</a></td><td align="right">  - </td></tr>
<tr><td valign="top"><a href="xnu-1699.26.8/"><img src="/static/images/icons/folder.png" alt="[DIR]" height="25"/></a></td><td><a href="xnu-1699.26.8/">xnu-1699.26.8/</a></td><td align="right">  - </td></tr>
<tr><td valign="top"><a href="xnu-1699.32.7/"><img src="/static/images/icons/folder.png" alt="[DIR]" height="25"/></a></td><td><a href="xnu-1699.32.7/">xnu-1699.32.7/</a></td><td align="right">  - </td></tr>
<tr><td valign="top"><a href="xnu-201.14/"><img src="/static/images/icons/folder.png" alt="[DIR]" height="25"/></a></td><td><a href="xnu-201.14/">xnu-201.14/</a></td><td align="right">  - </td></tr>
<tr><td valign="top"><a href="xnu-201.19.3/"><img src="/static/images/icons/folder.png" alt="[DIR]" height="25"/></a></td><td><a href="xnu-201.19.3/">xnu-201.19.3/</a></td><td align="right">  - </td></tr>
<tr><td valign="top"><a href="xnu-201.19/"><img src="/static/images/icons/folder.png" alt="[DIR]" height="25"/></a></td><td><a href="xnu-201.19/">xnu-201.19/</a></td><td align="right">  - </td></tr>
<tr><td valign="top"><a href="xnu-201.42.3/"><img src="/static/images/icons/folder.png" alt="[DIR]" height="25"/></a></td><td><a href="xnu-201.42.3/">xnu-201.42.3/</a></td><td align="right">  - </td></tr>
<tr><td valign="top"><a href="xnu-201.5/"><img src="/static/images/icons/folder.png" alt="[DIR]" height="25"/></a></td><td><a href="xnu-201.5/">xnu-201.5/</a></td><td align="right">  - </td></tr>
<tr><td valign="top"><a href="xnu-201/"><img src="/static/images/icons/folder.png" alt="[DIR]" height="25"/></a></td><td><a href="xnu-201/">xnu-201/</a></td><td align="right">  - </td></tr>
<tr><td valign="top"><a href="xnu-2050.18.24/"><img src="/static/images/icons/folder.png" alt="[DIR]" height="25"/></a></td><td><a href="xnu-2050.18.24/">xnu-2050.18.24/</a></td><td align="right">  - </td></tr>
<tr><td valign="top"><a href="xnu-2050.22.13/"><img src="/static/images/icons/folder.png" alt="[DIR]" height="25"/></a></td><td><a href="xnu-2050.22.13/">xnu-2050.22.13/</a></td><td align="right">  - </td></tr>
<tr><td valign="top"><a href="xnu-2050.24.15/"><img src="/static/images/icons/folder.png" alt="[DIR]" height="25"/></a></td><td><a href="xnu-2050.24.15/">xnu-2050.24.15/</a></td><td align="right">  - </td></tr>
<tr><td valign="top"><a href="xnu-2050.48.11/"><img src="/static/images/icons/folder.png" alt="[DIR]" height="25"/></a></td><td><a href="xnu-2050.48.11/">xnu-2050.48.11/</a></td><td align="right">  - </td></tr>
<tr><td valign="top"><a href="xnu-2050.7.9/"><img src="/static/images/icons/folder.png" alt="[DIR]" height="25"/></a></td><td><a href="xnu-2050.7.9/">xnu-2050.7.9/</a></td><td align="right">  - </td></tr>
<tr><td valign="top"><a href="xnu-2050.9.2/"><img src="/static/images/icons/folder.png" alt="[DIR]" height="25"/></a></td><td><a href="xnu-2050.9.2/">xnu-2050.9.2/</a></td><td align="right">  - </td></tr>
<tr><td valign="top"><a href="xnu-2422.1.72/"><img src="/static/images/icons/folder.png" alt="[DIR]" height="25"/></a></td><td><a href="xnu-2422.1.72/">xnu-2422.1.72/</a></td><td align="right">  - </td></tr>
<tr><td valign="top"><a href="xnu-2422.100.13/"><img src="/static/images/icons/folder.png" alt="[DIR]" height="25"/></a></td><td><a href="xnu-2422.100.13/">xnu-2422.100.13/</a></td><td align="right">  - </td></tr>
<tr><td valign="top"><a href="xnu-2422.110.17/"><img src="/static/images/icons/folder.png" alt="[DIR]" height="25"/></a></td><td><a href="xnu-2422.110.17/">xnu-2422.110.17/</a></td><td align="right">  - </td></tr>
<tr><td valign="top"><a href="xnu-2422.115.4/"><img src="/static/images/icons/folder.png" alt="[DIR]" height="25"/></a></td><td><a href="xnu-2422.115.4/">xnu-2422.115.4/</a></td><td align="right">  - </td></tr>
<tr><td valign="top"><a href="xnu-2422.90.20/"><img src="/static/images/icons/folder.png" alt="[DIR]" height="25"/></a></td><td><a href="xnu-2422.90.20/">xnu-2422.90.20/</a></td><td align="right">  - </td></tr>
<tr><td valign="top"><a href="xnu-2782.1.97/"><img src="/static/images/icons/folder.png" alt="[DIR]" height="25"/></a></td><td><a href="xnu-2782.1.97/">xnu-2782.1.97/</a></td><td align="right">  - </td></tr>
<tr><td valign="top"><a href="xnu-2782.10.72/"><img src="/static/images/icons/folder.png" alt="[DIR]" height="25"/></a></td><td><a href="xnu-2782.10.72/">xnu-2782.10.72/</a></td><td align="right">  - </td></tr>
<tr><td valign="top"><a href="xnu-2782.20.48/"><img src="/static/images/icons/folder.png" alt="[DIR]" height="25"/></a></td><td><a href="xnu-2782.20.48/">xnu-2782.20.48/</a></td><td align="right">  - </td></tr>
<tr><td valign="top"><a href="xnu-2782.30.5/"><img src="/static/images/icons/folder.png" alt="[DIR]" height="25"/></a></td><td><a href="xnu-2782.30.5/">xnu-2782.30.5/</a></td><td align="right">  - </td></tr>
<tr><td valign="top"><a href="xnu-2782.40.9/"><img src="/static/images/icons/folder.png" alt="[DIR]" height="25"/></a></td><td><a href="xnu-2782.40.9/">xnu-2782.40.9/</a></td><td align="right">  - </td></tr>
<tr><td valign="top"><a href="xnu-3247.1.106/"><img src="/static/images/icons/folder.png" alt="[DIR]" height="25"/></a></td><td><a href="xnu-3247.1.106/">xnu-3247.1.106/</a></td><td align="right">  - </td></tr>
<tr><td valign="top"><a href="xnu-3247.10.11/"><img src="/static/images/icons/folder.png" alt="[DIR]" height="25"/></a></td><td><a href="xnu-3247.10.11/">xnu-3247.10.11/</a></td><td align="right">  - </td></tr>
<tr><td valign="top"><a href="xnu-3248.20.55/"><img src="/static/images/icons/folder.png" alt="[DIR]" height="25"/></a></td><td><a href="xnu-3248.20.55/">xnu-3248.20.55/</a></td><td align="right">  - </td></tr>
<tr><td valign="top"><a href="xnu-3248.30.4/"><img src="/static/images/icons/folder.png" alt="[DIR]" height="25"/></a></td><td><a href="xnu-3248.30.4/">xnu-3248.30.4/</a></td><td align="right">  - </td></tr>
<tr><td valign="top"><a href="xnu-3248.40.184/"><img src="/static/images/icons/folder.png" alt="[DIR]" height="25"/></a></td><td><a href="xnu-3248.40.184/">xnu-3248.40.184/</a></td><td align="right">  - </td></tr>
<tr><td valign="top"><a href="xnu-3248.50.21/"><img src="/static/images/icons/folder.png" alt="[DIR]" height="25"/></a></td><td><a href="xnu-3248.50.21/">xnu-3248.50.21/</a></td><td align="right">  - </td></tr>
<tr><td valign="top"><a href="xnu-3248.60.10/"><img src="/static/images/icons/folder.png" alt="[DIR]" height="25"/></a></td><td><a href="xnu-3248.60.10/">xnu-3248.60.10/</a></td><td align="right">  - </td></tr>
<tr><td valign="top"><a href="xnu-344.12.2/"><img src="/static/images/icons/folder.png" alt="[DIR]" height="25"/></a></td><td><a href="xnu-344.12.2/">xnu-344.12.2/</a></td><td align="right">  - </td></tr>
<tr><td valign="top"><a href="xnu-344.2/"><img src="/static/images/icons/folder.png" alt="[DIR]" height="25"/></a></td><td><a href="xnu-344.2/">xnu-344.2/</a></td><td align="right">  - </td></tr>
<tr><td valign="top"><a href="xnu-344.21.73/"><img src="/static/images/icons/folder.png" alt="[DIR]" height="25"/></a></td><td><a href="xnu-344.21.73/">xnu-344.21.73/</a></td><td align="right">  - </td></tr>
<tr><td valign="top"><a href="xnu-344.21.74/"><img src="/static/images/icons/folder.png" alt="[DIR]" height="25"/></a></td><td><a href="xnu-344.21.74/">xnu-344.21.74/</a></td><td align="right">  - </td></tr>
<tr><td valign="top"><a href="xnu-344.23/"><img src="/static/images/icons/folder.png" alt="[DIR]" height="25"/></a></td><td><a href="xnu-344.23/">xnu-344.23/</a></td><td align="right">  - </td></tr>
<tr><td valign="top"><a href="xnu-344.26/"><img src="/static/images/icons/folder.png" alt="[DIR]" height="25"/></a></td><td><a href="xnu-344.26/">xnu-344.26/</a></td><td align="right">  - </td></tr>
<tr><td valign="top"><a href="xnu-344.32/"><img src="/static/images/icons/folder.png" alt="[DIR]" height="25"/></a></td><td><a href="xnu-344.32/">xnu-344.32/</a></td><td align="right">  - </td></tr>
<tr><td valign="top"><a href="xnu-344.34/"><img src="/static/images/icons/folder.png" alt="[DIR]" height="25"/></a></td><td><a href="xnu-344.34/">xnu-344.34/</a></td><td align="right">  - </td></tr>
<tr><td valign="top"><a href="xnu-344.49/"><img src="/static/images/icons/folder.png" alt="[DIR]" height="25"/></a></td><td><a href="xnu-344.49/">xnu-344.49/</a></td><td align="right">  - </td></tr>
<tr><td valign="top"><a href="xnu-344/"><img src="/static/images/icons/folder.png" alt="[DIR]" height="25"/></a></td><td><a href="xnu-344/">xnu-344/</a></td><td align="right">  - </td></tr>
<tr><td valign="top"><a href="xnu-3789.1.32/"><img src="/static/images/icons/folder.png" alt="[DIR]" height="25"/></a></td><td><a href="xnu-3789.1.32/">xnu-3789.1.32/</a></td><td align="right">  - </td></tr>
<tr><td valign="top"><a href="xnu-3789.21.4/"><img src="/static/images/icons/folder.png" alt="[DIR]" height="25"/></a></td><td><a href="xnu-3789.21.4/">xnu-3789.21.4/</a></td><td align="right">  - </td></tr>
<tr><td valign="top"><a href="xnu-517.11.1/"><img src="/static/images/icons/folder.png" alt="[DIR]" height="25"/></a></td><td><a href="xnu-517.11.1/">xnu-517.11.1/</a></td><td align="right">  - </td></tr>
<tr><td valign="top"><a href="xnu-517.12.7/"><img src="/static/images/icons/folder.png" alt="[DIR]" height="25"/></a></td><td><a href="xnu-517.12.7/">xnu-517.12.7/</a></td><td align="right">  - </td></tr>
<tr><td valign="top"><a href="xnu-517.3.15/"><img src="/static/images/icons/folder.png" alt="[DIR]" height="25"/></a></td><td><a href="xnu-517.3.15/">xnu-517.3.15/</a></td><td align="right">  - </td></tr>
<tr><td valign="top"><a href="xnu-517.3.7/"><img src="/static/images/icons/folder.png" alt="[DIR]" height="25"/></a></td><td><a href="xnu-517.3.7/">xnu-517.3.7/</a></td><td align="right">  - </td></tr>
<tr><td valign="top"><a href="xnu-517.7.21/"><img src="/static/images/icons/folder.png" alt="[DIR]" height="25"/></a></td><td><a href="xnu-517.7.21/">xnu-517.7.21/</a></td><td align="right">  - </td></tr>
<tr><td valign="top"><a href="xnu-517.7.7/"><img src="/static/images/icons/folder.png" alt="[DIR]" height="25"/></a></td><td><a href="xnu-517.7.7/">xnu-517.7.7/</a></td><td align="right">  - </td></tr>
<tr><td valign="top"><a href="xnu-517.9.4/"><img src="/static/images/icons/folder.png" alt="[DIR]" height="25"/></a></td><td><a href="xnu-517.9.4/">xnu-517.9.4/</a></td><td align="right">  - </td></tr>
<tr><td valign="top"><a href="xnu-517.9.5/"><img src="/static/images/icons/folder.png" alt="[DIR]" height="25"/></a></td><td><a href="xnu-517.9.5/">xnu-517.9.5/</a></td><td align="right">  - </td></tr>
<tr><td valign="top"><a href="xnu-792.1.5/"><img src="/static/images/icons/folder.png" alt="[DIR]" height="25"/></a></td><td><a href="xnu-792.1.5/">xnu-792.1.5/</a></td><td align="right">  - </td></tr>
<tr><td valign="top"><a href="xnu-792.10.96/"><img src="/static/images/icons/folder.png" alt="[DIR]" height="25"/></a></td><td><a href="xnu-792.10.96/">xnu-792.10.96/</a></td><td align="right">  - </td></tr>
<tr><td valign="top"><a href="xnu-792.12.6/"><img src="/static/images/icons/folder.png" alt="[DIR]" height="25"/></a></td><td><a href="xnu-792.12.6/">xnu-792.12.6/</a></td><td align="right">  - </td></tr>
<tr><td valign="top"><a href="xnu-792.13.8/"><img src="/static/images/icons/folder.png" alt="[DIR]" height="25"/></a></td><td><a href="xnu-792.13.8/">xnu-792.13.8/</a></td><td align="right">  - </td></tr>
<tr><td valign="top"><a href="xnu-792.17.14/"><img src="/static/images/icons/folder.png" alt="[DIR]" height="25"/></a></td><td><a href="xnu-792.17.14/">xnu-792.17.14/</a></td><td align="right">  - </td></tr>
<tr><td valign="top"><a href="xnu-792.18.15/"><img src="/static/images/icons/folder.png" alt="[DIR]" height="25"/></a></td><td><a href="xnu-792.18.15/">xnu-792.18.15/</a></td><td align="right">  - </td></tr>
<tr><td valign="top"><a href="xnu-792.2.4/"><img src="/static/images/icons/folder.png" alt="[DIR]" height="25"/></a></td><td><a href="xnu-792.2.4/">xnu-792.2.4/</a></td><td align="right">  - </td></tr>
<tr><td valign="top"><a href="xnu-792.21.3/"><img src="/static/images/icons/folder.png" alt="[DIR]" height="25"/></a></td><td><a href="xnu-792.21.3/">xnu-792.21.3/</a></td><td align="right">  - </td></tr>
<tr><td valign="top"><a href="xnu-792.22.5/"><img src="/static/images/icons/folder.png" alt="[DIR]" height="25"/></a></td><td><a href="xnu-792.22.5/">xnu-792.22.5/</a></td><td align="right">  - </td></tr>
<tr><td valign="top"><a href="xnu-792.24.17/"><img src="/static/images/icons/folder.png" alt="[DIR]" height="25"/></a></td><td><a href="xnu-792.24.17/">xnu-792.24.17/</a></td><td align="right">  - </td></tr>
<tr><td valign="top"><a href="xnu-792.25.20/"><img src="/static/images/icons/folder.png" alt="[DIR]" height="25"/></a></td><td><a href="xnu-792.25.20/">xnu-792.25.20/</a></td><td align="right">  - </td></tr>
<tr><td valign="top"><a href="xnu-792.6.22/"><img src="/static/images/icons/folder.png" alt="[DIR]" height="25"/></a></td><td><a href="xnu-792.6.22/">xnu-792.6.22/</a></td><td align="right">  - </td></tr>
<tr><td valign="top"><a href="xnu-792.6.56/"><img src="/static/images/icons/folder.png" alt="[DIR]" height="25"/></a></td><td><a href="xnu-792.6.56/">xnu-792.6.56/</a></td><td align="right">  - </td></tr>
<tr><td valign="top"><a href="xnu-792.6.61/"><img src="/static/images/icons/folder.png" alt="[DIR]" height="25"/></a></td><td><a href="xnu-792.6.61/">xnu-792.6.61/</a></td><td align="right">  - </td></tr>
<tr><td valign="top"><a href="xnu-792.6.70/"><img src="/static/images/icons/folder.png" alt="[DIR]" height="25"/></a></td><td><a href="xnu-792.6.70/">xnu-792.6.70/</a></td><td align="right">  - </td></tr>
<tr><td valign="top"><a href="xnu-792.6.76/"><img src="/static/images/icons/folder.png" alt="[DIR]" height="25"/></a></td><td><a href="xnu-792.6.76/">xnu-792.6.76/</a></td><td align="right">  - </td></tr>
<tr><td valign="top"><a href="xnu-792/"><img src="/static/images/icons/folder.png" alt="[DIR]" height="25"/></a></td><td><a href="xnu-792/">xnu-792/</a></td><td align="right">  - </td></tr>
<tr><th colspan="3"><hr/></th></tr>
</tbody></table>
